<?xml version="1.0" encoding="utf-8"?><testsuites><testsuite name="pytest" errors="0" failures="0" skipped="0" tests="139" time="0.297" timestamp="2025-01-30T05:09:28.858945+00:00" hostname="Toms-MacBook-Pro.local"><testcase classname="test.unit.announcements.test_decorators.TestAnnouncement" name="test_initialisation" file="test/unit/announcements/test_decorators.py" line="30" time="0.001" /><testcase classname="test.unit.announcements.test_decorators.TestAnnouncement" name="test_repr" file="test/unit/announcements/test_decorators.py" line="36" time="0.000" /><testcase classname="test.unit.announcements.test_decorators.TestAnnouncement" name="test_call_method_executes_correctly" file="test/unit/announcements/test_decorators.py" line="42" time="0.000" /><testcase classname="test.unit.announcements.test_decorators.TestAnnouncement" name="test_metadata_applied_to_original_method" file="test/unit/announcements/test_decorators.py" line="56" time="0.000" /><testcase classname="test.unit.announcements.test_decorators.TestAnnouncement" name="test_call_method_raises_exception_on_invalid_instrument" file="test/unit/announcements/test_decorators.py" line="84" time="0.000" /><testcase classname="test.unit.announcements.test_decorators" name="test_announcement_lower_is_announcement_cls" file="test/unit/announcements/test_decorators.py" line="105" time="0.000" /><testcase classname="test.unit.announcements.test_instruments.TestInstruments" name="test_instruments_initialisation" file="test/unit/announcements/test_instruments.py" line="46" time="0.000" /><testcase classname="test.unit.announcements.test_instruments.TestInstruments" name="test_instruments_iteration" file="test/unit/announcements/test_instruments.py" line="54" time="0.000" /><testcase classname="test.unit.announcements.test_instruments.TestInstruments" name="test_metadata_eq" file="test/unit/announcements/test_instruments.py" line="65" time="0.000" /><testcase classname="test.unit.announcements.test_instruments.TestInstruments" name="test_metadata_not_eq" file="test/unit/announcements/test_instruments.py" line="73" time="0.000" /><testcase classname="test.unit.announcements.test_instruments.TestInstruments" name="test_metadata_not_eq_wrong_type" file="test/unit/announcements/test_instruments.py" line="80" time="0.000" /><testcase classname="test.unit.announcements.test_instruments.TestInstruments" name="test_instruments_record" file="test/unit/announcements/test_instruments.py" line="86" time="0.000" /><testcase classname="test.unit.announcements.test_instruments.TestInstruments" name="test_instruments_req_instruments" file="test/unit/announcements/test_instruments.py" line="97" time="0.000" /><testcase classname="test.unit.announcements.test_instruments.TestInstruments" name="test_instruments_non_req_instruments" file="test/unit/announcements/test_instruments.py" line="107" time="0.000" /><testcase classname="test.unit.announcements.test_instruments.TestInstruments" name="test_instruments_is_required" file="test/unit/announcements/test_instruments.py" line="117" time="0.000" /><testcase classname="test.unit.announcements.test_instruments.TestInstruments" name="test_instruments_supported_all" file="test/unit/announcements/test_instruments.py" line="125" time="0.000" /><testcase classname="test.unit.announcements.test_instruments.TestInstruments" name="test_instruments_supported_required" file="test/unit/announcements/test_instruments.py" line="136" time="0.000" /><testcase classname="test.unit.announcements.test_instruments.TestInstruments" name="test_instruments_supported_non_required" file="test/unit/announcements/test_instruments.py" line="146" time="0.000" /><testcase classname="test.unit.announcements.test_instruments.TestInstruments" name="test_instruments_from_method" file="test/unit/announcements/test_instruments.py" line="156" time="0.000" /><testcase classname="test.unit.announcements.test_instruments.TestInstruments" name="test_instruments_empty_metadata" file="test/unit/announcements/test_instruments.py" line="164" time="0.000" /><testcase classname="test.unit.announcements.test_instruments.TestInstruments" name="test_instruments_duplicate_entries" file="test/unit/announcements/test_instruments.py" line="174" time="0.000" /><testcase classname="test.unit.announcements.test_metadata.TestAnnouncementMetadataEntry" name="test_metadata_item_initialisation" file="test/unit/announcements/test_metadata.py" line="39" time="0.000" /><testcase classname="test.unit.announcements.test_metadata.TestAnnouncementMetadataEntry" name="test_metadata_item_repr" file="test/unit/announcements/test_metadata.py" line="50" time="0.000" /><testcase classname="test.unit.announcements.test_metadata.TestAnnouncementMetadata" name="test_metadata_initialisation" file="test/unit/announcements/test_metadata.py" line="64" time="0.000" /><testcase classname="test.unit.announcements.test_metadata.TestAnnouncementMetadata" name="test_add_metadata" file="test/unit/announcements/test_metadata.py" line="73" time="0.000" /><testcase classname="test.unit.announcements.test_metadata.TestAnnouncementMetadata" name="test_add_multiple_metadata" file="test/unit/announcements/test_metadata.py" line="84" time="0.000" /><testcase classname="test.unit.announcements.test_metadata.TestAnnouncementMetadata" name="test_metadata_iteration" file="test/unit/announcements/test_metadata.py" line="104" time="0.000" /><testcase classname="test.unit.announcements.test_metadata.TestAnnouncementMetadata" name="test_empty_metadata_iteration" file="test/unit/announcements/test_metadata.py" line="117" time="0.000" /><testcase classname="test.unit.announcements.test_metadata.TestAnnouncementMetadata" name="test_metadata_length[0]" file="test/unit/announcements/test_metadata.py" line="125" time="0.000" /><testcase classname="test.unit.announcements.test_metadata.TestAnnouncementMetadata" name="test_metadata_length[1]" file="test/unit/announcements/test_metadata.py" line="125" time="0.000" /><testcase classname="test.unit.announcements.test_metadata.TestAnnouncementMetadata" name="test_metadata_length[2]" file="test/unit/announcements/test_metadata.py" line="125" time="0.000" /><testcase classname="test.unit.announcements.test_metadata.TestAnnouncementMetadata" name="test_metadata_eq" file="test/unit/announcements/test_metadata.py" line="136" time="0.000" /><testcase classname="test.unit.announcements.test_metadata.TestAnnouncementMetadata" name="test_metadata_not_eq" file="test/unit/announcements/test_metadata.py" line="144" time="0.000" /><testcase classname="test.unit.announcements.test_metadata.TestAnnouncementMetadata" name="test_metadata_not_eq_wrong_type" file="test/unit/announcements/test_metadata.py" line="151" time="0.000" /><testcase classname="test.unit.announcements.test_metadata.TestAnnouncementMetadata" name="test_adding_duplicate_metadata" file="test/unit/announcements/test_metadata.py" line="157" time="0.000" /><testcase classname="test.unit.announcements.test_metadata.TestAnnouncementMetadata" name="test_metadata_repr" file="test/unit/announcements/test_metadata.py" line="166" time="0.000" /><testcase classname="test.unit.announcements.test_method.TestAnnouncementMethod" name="test_initialisation" file="test/unit/announcements/test_method.py" line="42" time="0.000" /><testcase classname="test.unit.announcements.test_method.TestAnnouncementMethod" name="test_signature_property" file="test/unit/announcements/test_method.py" line="50" time="0.000" /><testcase classname="test.unit.announcements.test_method.TestAnnouncementMethod" name="test_repr" file="test/unit/announcements/test_method.py" line="58" time="0.000" /><testcase classname="test.unit.announcements.test_method.TestAnnouncementMethod" name="test_bind" file="test/unit/announcements/test_method.py" line="66" time="0.000" /><testcase classname="test.unit.announcements.test_method.TestPartialBindException" name="test_exception" file="test/unit/announcements/test_method.py" line="80" time="0.000" /><testcase classname="test.unit.announcements.test_method.TestPartialBindException" name="test_exception_repr" file="test/unit/announcements/test_method.py" line="90" time="0.000" /><testcase classname="test.unit.announcements.test_method.TestBoundAnnouncementMethod" name="test_initialisation" file="test/unit/announcements/test_method.py" line="104" time="0.000" /><testcase classname="test.unit.announcements.test_method.TestBoundAnnouncementMethod" name="test_instrument_property" file="test/unit/announcements/test_method.py" line="113" time="0.000" /><testcase classname="test.unit.announcements.test_method.TestBoundAnnouncementMethod" name="test_bind_partial_success" file="test/unit/announcements/test_method.py" line="122" time="0.000" /><testcase classname="test.unit.announcements.test_method.TestBoundAnnouncementMethod" name="test_bind_partial_failure" file="test/unit/announcements/test_method.py" line="132" time="0.000" /><testcase classname="test.unit.announcements.test_method.TestBoundAnnouncementMethod" name="test_execute" file="test/unit/announcements/test_method.py" line="139" time="0.001" /><testcase classname="test.unit.announcements.test_method.TestBoundAnnouncementMethod" name="test_repr" file="test/unit/announcements/test_method.py" line="151" time="0.000" /><testcase classname="test.unit.announcements.validation.test_base_validator.TestValidatorException" name="test_inherits_from_announcement_exception" file="test/unit/announcements/validation/test_base_validator.py" line="37" time="0.000" /><testcase classname="test.unit.announcements.validation.test_base_validator.TestValidatorException" name="test_matches_message" file="test/unit/announcements/validation/test_base_validator.py" line="43" time="0.000" /><testcase classname="test.unit.announcements.validation.test_base_validator.TestBaseAnnouncementValidator" name="test_is_abstract" file="test/unit/announcements/validation/test_base_validator.py" line="53" time="0.000" /><testcase classname="test.unit.announcements.validation.test_base_validator.TestBaseAnnouncementValidator" name="test_concrete_implementation_without_next" file="test/unit/announcements/validation/test_base_validator.py" line="62" time="0.000" /><testcase classname="test.unit.announcements.validation.test_base_validator.TestBaseAnnouncementValidator" name="test_concrete_implementation_with_next" file="test/unit/announcements/validation/test_base_validator.py" line="69" time="0.000" /><testcase classname="test.unit.announcements.validation.test_base_validator.TestBaseAnnouncementValidator" name="test_repr" file="test/unit/announcements/validation/test_base_validator.py" line="79" time="0.000" /><testcase classname="test.unit.announcements.validation.test_base_validator.TestBaseAnnouncementValidator" name="test_validate_calls_next" file="test/unit/announcements/validation/test_base_validator.py" line="90" time="0.000" /><testcase classname="test.unit.announcements.validation.test_base_validator.TestBaseAnnouncementValidator" name="test_validate_without_next" file="test/unit/announcements/validation/test_base_validator.py" line="100" time="0.000" /><testcase classname="test.unit.announcements.validation.test_chain.TestValidationChain" name="test_initialisation" file="test/unit/announcements/validation/test_chain.py" line="54" time="0.000" /><testcase classname="test.unit.announcements.validation.test_chain.TestValidationChain" name="test_append_valid_link" file="test/unit/announcements/validation/test_chain.py" line="61" time="0.000" /><testcase classname="test.unit.announcements.validation.test_chain.TestValidationChain" name="test_append_invalid_link" file="test/unit/announcements/validation/test_chain.py" line="70" time="0.000" /><testcase classname="test.unit.announcements.validation.test_chain.TestValidationChain" name="test_extend_with_valid_links" file="test/unit/announcements/validation/test_chain.py" line="83" time="0.000" /><testcase classname="test.unit.announcements.validation.test_chain.TestValidationChain" name="test_extend_with_invalid_links" file="test/unit/announcements/validation/test_chain.py" line="94" time="0.000" /><testcase classname="test.unit.announcements.validation.test_chain.TestValidationChain" name="test_extend_with_no_links" file="test/unit/announcements/validation/test_chain.py" line="103" time="0.000" /><testcase classname="test.unit.announcements.validation.test_chain.TestValidationChain" name="test_setitem_single_index" file="test/unit/announcements/validation/test_chain.py" line="112" time="0.000" /><testcase classname="test.unit.announcements.validation.test_chain.TestValidationChain" name="test_setitem_slice" file="test/unit/announcements/validation/test_chain.py" line="129" time="0.000" /><testcase classname="test.unit.announcements.validation.test_chain.TestValidationChain" name="test_setitem_negative_index" file="test/unit/announcements/validation/test_chain.py" line="151" time="0.000" /><testcase classname="test.unit.announcements.validation.test_chain.TestValidationChain" name="test_setitem_invalid_type" file="test/unit/announcements/validation/test_chain.py" line="170" time="0.000" /><testcase classname="test.unit.announcements.validation.test_chain.TestValidationChain" name="test_setitem_iterable_to_single_index" file="test/unit/announcements/validation/test_chain.py" line="180" time="0.000" /><testcase classname="test.unit.announcements.validation.test_chain.TestValidationChain" name="test_setitem_slice_to_non_iterable" file="test/unit/announcements/validation/test_chain.py" line="195" time="0.000" /><testcase classname="test.unit.announcements.validation.test_chain.TestValidationChain" name="test_setitem_single_invalid_index" file="test/unit/announcements/validation/test_chain.py" line="210" time="0.000" /><testcase classname="test.unit.announcements.validation.test_chain.TestValidationChain" name="test_delete_single_item" file="test/unit/announcements/validation/test_chain.py" line="223" time="0.000" /><testcase classname="test.unit.announcements.validation.test_chain.TestValidationChain" name="test_delete_slice" file="test/unit/announcements/validation/test_chain.py" line="238" time="0.000" /><testcase classname="test.unit.announcements.validation.test_chain.TestValidationChain" name="test_delete_first_item" file="test/unit/announcements/validation/test_chain.py" line="254" time="0.000" /><testcase classname="test.unit.announcements.validation.test_chain.TestValidationChain" name="test_delete_last_item" file="test/unit/announcements/validation/test_chain.py" line="266" time="0.000" /><testcase classname="test.unit.announcements.validation.test_chain.TestValidationChain" name="test_delete_negative_index" file="test/unit/announcements/validation/test_chain.py" line="278" time="0.000" /><testcase classname="test.unit.announcements.validation.test_chain.TestValidationChain" name="test_delete_invalid_index" file="test/unit/announcements/validation/test_chain.py" line="293" time="0.000" /><testcase classname="test.unit.announcements.validation.test_chain.TestValidationChain" name="test_remove_slice_items" file="test/unit/announcements/validation/test_chain.py" line="303" time="0.000" /><testcase classname="test.unit.announcements.validation.test_chain.TestValidationChain" name="test_remove_wrong_index_type" file="test/unit/announcements/validation/test_chain.py" line="314" time="0.000" /><testcase classname="test.unit.announcements.validation.test_chain.TestValidationChain" name="test_clear" file="test/unit/announcements/validation/test_chain.py" line="324" time="0.000" /><testcase classname="test.unit.announcements.validation.test_chain.TestValidationChain" name="test_validate_chain_empty" file="test/unit/announcements/validation/test_chain.py" line="332" time="0.000" /><testcase classname="test.unit.announcements.validation.test_chain.TestValidationChain" name="test_validate_chain" file="test/unit/announcements/validation/test_chain.py" line="344" time="0.001" /><testcase classname="test.unit.announcements.validation.test_chain.TestValidationChain" name="test_contains" file="test/unit/announcements/validation/test_chain.py" line="355" time="0.000" /><testcase classname="test.unit.announcements.validation.test_chain.TestValidationChain" name="test_bool_false" file="test/unit/announcements/validation/test_chain.py" line="368" time="0.000" /><testcase classname="test.unit.announcements.validation.test_chain.TestValidationChain" name="test_bool_true" file="test/unit/announcements/validation/test_chain.py" line="374" time="0.000" /><testcase classname="test.unit.announcements.validation.test_chain.TestValidationChain" name="test_eq" file="test/unit/announcements/validation/test_chain.py" line="381" time="0.000" /><testcase classname="test.unit.announcements.validation.test_chain.TestValidationChain" name="test_insert_into_empty_chain" file="test/unit/announcements/validation/test_chain.py" line="393" time="0.000" /><testcase classname="test.unit.announcements.validation.test_chain.TestValidationChain" name="test_insert_at_start_of_chain" file="test/unit/announcements/validation/test_chain.py" line="405" time="0.000" /><testcase classname="test.unit.announcements.validation.test_chain.TestValidationChain" name="test_insert_at_end_of_chain" file="test/unit/announcements/validation/test_chain.py" line="420" time="0.000" /><testcase classname="test.unit.announcements.validation.test_chain.TestValidationChain" name="test_insert_in_middle_of_chain" file="test/unit/announcements/validation/test_chain.py" line="436" time="0.000" /><testcase classname="test.unit.announcements.validation.test_chain.TestValidationChain" name="test_insert_invalid_link" file="test/unit/announcements/validation/test_chain.py" line="455" time="0.000" /><testcase classname="test.unit.announcements.validation.test_chain.TestValidationChain" name="test_insert_duplicate_link" file="test/unit/announcements/validation/test_chain.py" line="462" time="0.000" /><testcase classname="test.unit.announcements.validation.test_chain.TestValidationChain" name="test_insert_with_negative_index" file="test/unit/announcements/validation/test_chain.py" line="470" time="0.000" /><testcase classname="test.unit.announcements.validation.test_chain.TestValidationChain" name="test_iter_empty_chain" file="test/unit/announcements/validation/test_chain.py" line="485" time="0.000" /><testcase classname="test.unit.announcements.validation.test_chain.TestValidationChain" name="test_iter_single_element" file="test/unit/announcements/validation/test_chain.py" line="492" time="0.000" /><testcase classname="test.unit.announcements.validation.test_chain.TestValidationChain" name="test_iter_multiple_elements" file="test/unit/announcements/validation/test_chain.py" line="501" time="0.000" /><testcase classname="test.unit.announcements.validation.test_chain.TestValidationChain" name="test_iter_returns_generator" file="test/unit/announcements/validation/test_chain.py" line="514" time="0.000" /><testcase classname="test.unit.announcements.validation.test_chain.TestValidationChain" name="test_repr" file="test/unit/announcements/validation/test_chain.py" line="522" time="0.000" /><testcase classname="test.unit.announcements.validation.test_chain.TestValidationChain" name="test_str" file="test/unit/announcements/validation/test_chain.py" line="531" time="0.000" /><testcase classname="test.unit.announcements.validation.test_chain_validation.TestValidationChainException" name="test_can_raise" file="test/unit/announcements/validation/test_chain_validation.py" line="52" time="0.000" /><testcase classname="test.unit.announcements.validation.test_chain_validation.TestValidationChainException" name="test_inherits_from_announcement_exception" file="test/unit/announcements/validation/test_chain_validation.py" line="60" time="0.000" /><testcase classname="test.unit.announcements.validation.test_chain_validation.TestInvalidLinkException" name="test_can_raise" file="test/unit/announcements/validation/test_chain_validation.py" line="68" time="0.000" /><testcase classname="test.unit.announcements.validation.test_chain_validation.TestInvalidLinkException" name="test_inherits_from_validation_chain_exception" file="test/unit/announcements/validation/test_chain_validation.py" line="80" time="0.000" /><testcase classname="test.unit.announcements.validation.test_chain_validation.TestInvalidLinkException" name="test_attrs_set" file="test/unit/announcements/validation/test_chain_validation.py" line="88" time="0.000" /><testcase classname="test.unit.announcements.validation.test_chain_validation.TestEmptyChainException" name="test_can_raise" file="test/unit/announcements/validation/test_chain_validation.py" line="102" time="0.000" /><testcase classname="test.unit.announcements.validation.test_chain_validation.TestEmptyChainException" name="test_inherits_from_validation_chain_exception" file="test/unit/announcements/validation/test_chain_validation.py" line="114" time="0.000" /><testcase classname="test.unit.announcements.validation.test_chain_validation.TestEmptyChainException" name="test_attr_set" file="test/unit/announcements/validation/test_chain_validation.py" line="122" time="0.000" /><testcase classname="test.unit.announcements.validation.test_chain_validation.TestLinkExistsException" name="test_can_raise" file="test/unit/announcements/validation/test_chain_validation.py" line="133" time="0.000" /><testcase classname="test.unit.announcements.validation.test_chain_validation.TestLinkExistsException" name="test_inherits_from_validation_chain_exception" file="test/unit/announcements/validation/test_chain_validation.py" line="145" time="0.000" /><testcase classname="test.unit.announcements.validation.test_chain_validation.TestLinkExistsException" name="test_attrs_set" file="test/unit/announcements/validation/test_chain_validation.py" line="154" time="0.000" /><testcase classname="test.unit.announcements.validation.test_chain_validation.TestABCLinkValidator" name="test_abstract_method" file="test/unit/announcements/validation/test_chain_validation.py" line="167" time="0.000" /><testcase classname="test.unit.announcements.validation.test_chain_validation.TestABCLinkValidator" name="test_validate_invoked" file="test/unit/announcements/validation/test_chain_validation.py" line="176" time="0.000" /><testcase classname="test.unit.announcements.validation.test_chain_validation.TestLinkTypeValidator" name="test_validate_valid_link" file="test/unit/announcements/validation/test_chain_validation.py" line="191" time="0.000" /><testcase classname="test.unit.announcements.validation.test_chain_validation.TestLinkTypeValidator" name="test_validate_invalid_link" file="test/unit/announcements/validation/test_chain_validation.py" line="200" time="0.000" /><testcase classname="test.unit.announcements.validation.test_chain_validation.TestLinkTypeValidator" name="test_repr" file="test/unit/announcements/validation/test_chain_validation.py" line="208" time="0.000" /><testcase classname="test.unit.announcements.validation.test_chain_validation.TestUniqueLinkValidator" name="test_validate_unique_link" file="test/unit/announcements/validation/test_chain_validation.py" line="221" time="0.000" /><testcase classname="test.unit.announcements.validation.test_chain_validation.TestUniqueLinkValidator" name="test_validate_duplicate_link" file="test/unit/announcements/validation/test_chain_validation.py" line="230" time="0.000" /><testcase classname="test.unit.announcements.validation.test_chain_validation.TestUniqueLinkValidator" name="test_repr" file="test/unit/announcements/validation/test_chain_validation.py" line="241" time="0.000" /><testcase classname="test.unit.announcements.validation.test_chain_validation.TestABCLinkValidatorContext" name="test_abstract_methods" file="test/unit/announcements/validation/test_chain_validation.py" line="254" time="0.000" /><testcase classname="test.unit.announcements.validation.test_chain_validation.TestABCLinkValidatorContext" name="test_methods_invoked" file="test/unit/announcements/validation/test_chain_validation.py" line="263" time="0.000" /><testcase classname="test.unit.announcements.validation.test_chain_validation.TestABCLinkValidatorContext" name="test_repr" file="test/unit/announcements/validation/test_chain_validation.py" line="284" time="0.000" /><testcase classname="test.unit.announcements.validation.test_chain_validation.TestLinkValidatorContext" name="test_default_validators" file="test/unit/announcements/validation/test_chain_validation.py" line="301" time="0.000" /><testcase classname="test.unit.announcements.validation.test_chain_validation.TestLinkValidatorContext" name="test_custom_validators" file="test/unit/announcements/validation/test_chain_validation.py" line="310" time="0.000" /><testcase classname="test.unit.announcements.validation.test_chain_validation.TestLinkValidatorContext" name="test_validate_multiple_links" file="test/unit/announcements/validation/test_chain_validation.py" line="323" time="0.000" /><testcase classname="test.unit.announcements.validation.test_chain_validation.TestLinkValidatorContext" name="test_repr" file="test/unit/announcements/validation/test_chain_validation.py" line="333" time="0.000" /><testcase classname="test.unit.announcements.validation.test_orchestrator.TestAnnouncementValidationOrchestrator" name="test_default_initialisation" file="test/unit/announcements/validation/test_orchestrator.py" line="21" time="0.000" /><testcase classname="test.unit.announcements.validation.test_orchestrator.TestAnnouncementValidationOrchestrator" name="test_custom_initialisation" file="test/unit/announcements/validation/test_orchestrator.py" line="31" time="0.001" /><testcase classname="test.unit.announcements.validation.test_orchestrator.TestAnnouncementValidationOrchestrator" name="test_register_validators" file="test/unit/announcements/validation/test_orchestrator.py" line="39" time="0.000" /><testcase classname="test.unit.announcements.validation.test_orchestrator.TestAnnouncementValidationOrchestrator" name="test_validate_chain" file="test/unit/announcements/validation/test_orchestrator.py" line="51" time="0.002" /><testcase classname="test.unit.announcements.validation.test_orchestrator.TestAnnouncementValidationOrchestrator" name="test_repr" file="test/unit/announcements/validation/test_orchestrator.py" line="61" time="0.000" /><testcase classname="test.unit.announcements.validation.test_validators.TestInstrumentParamExistsValidator" name="test_raises_exception_when_instrument_is_none" file="test/unit/announcements/validation/test_validators.py" line="57" time="0.000" /><testcase classname="test.unit.announcements.validation.test_validators.TestInstrumentParamExistsValidator" name="test_passes_validation_when_instrument_is_present" file="test/unit/announcements/validation/test_validators.py" line="70" time="0.000" /><testcase classname="test.unit.announcements.validation.test_validators.TestInstrumentParamExistsValidator" name="test_missing_instrument_exception_message" file="test/unit/announcements/validation/test_validators.py" line="79" time="0.000" /><testcase classname="test.unit.announcements.validation.test_validators.TestInstrumentTypeValidator" name="test_validate_passes_for_valid_instrument" file="test/unit/announcements/validation/test_validators.py" line="95" time="0.000" /><testcase classname="test.unit.announcements.validation.test_validators.TestInstrumentTypeValidator" name="test_validate_raises_for_invalid_instrument" file="test/unit/announcements/validation/test_validators.py" line="108" time="0.000" /><testcase classname="test.unit.announcements.validation.test_validators.TestInstrumentTypeValidator" name="test_validate_raises_for_empty_supported_instruments" file="test/unit/announcements/validation/test_validators.py" line="127" time="0.000" /><testcase classname="test.unit.announcements.validation.test_validators.TestInstrumentTypeValidator" name="test_validate_raises_for_none_instrument" file="test/unit/announcements/validation/test_validators.py" line="141" time="0.000" /><testcase classname="test.unit.announcements.validation.test_validators.TestInstrumentTypeValidator" name="test_validate_with_multiple_valid_instruments" file="test/unit/announcements/validation/test_validators.py" line="160" time="0.000" /><testcase classname="test.unit.announcements.validation.test_validators.TestSupportedInstrumentsExistValidator" name="test_validate_passes_with_supported_instruments" file="test/unit/announcements/validation/test_validators.py" line="185" time="0.000" /><testcase classname="test.unit.announcements.validation.test_validators.TestSupportedInstrumentsExistValidator" name="test_validate_raises_no_supported_instruments_exception" file="test/unit/announcements/validation/test_validators.py" line="199" time="0.000" /><testcase classname="test.unit.announcements.validation.test_validators.TestSupportedInstrumentsExistValidator" name="test_no_supported_instruments_exception_message" file="test/unit/announcements/validation/test_validators.py" line="219" time="0.000" /></testsuite></testsuites>